// Jest Snapshot v1, https://goo.gl/fbAQLP

exports[`components/Picker children when contains options, renders a select element with options 1`] = `
<select
  className="rn-fontFamily-poiln3 rn-fontSize-7cikom rn-marginTop-1mnahxq rn-marginRight-61z16t rn-marginBottom-p1pxzi rn-marginLeft-11wrixw"
  onChange={[Function]}
>
  <PickerItem
    label="Superman"
    value="1"
  />
  <PickerItem
    label="Wonder Woman"
    value="2"
  />
</select>
`;
