// Jest Snapshot v1, https://goo.gl/fbAQLP

exports[`modules/createElement it normalizes event.nativeEvent 1`] = `
Object {
  "_normalized": true,
  "changedTouches": Array [],
  "identifier": undefined,
  "locationX": undefined,
  "locationY": undefined,
  "pageX": undefined,
  "pageY": undefined,
  "preventDefault": [Function],
  "stopImmediatePropagation": [Function],
  "stopPropagation": [Function],
  "target": undefined,
  "timestamp": 1496876171255,
  "touches": Array [],
}
`;

exports[`modules/createElement it renders different DOM elements 1`] = `<span />`;

exports[`modules/createElement it renders different DOM elements 2`] = `<main />`;
